Drawable.hpp:121:18:virtual void touchgfx::Drawable::invalidateContent() const	0	static
Drawable.hpp:147:23:virtual touchgfx::Drawable* touchgfx::Drawable::getFirstChild()	0	static
Drawable.hpp:315:18:virtual void touchgfx::Drawable::setX(int16_t)	0	static
Drawable.hpp:327:18:virtual void touchgfx::Drawable::setY(int16_t)	0	static
Drawable.hpp:356:18:virtual void touchgfx::Drawable::setWidth(int16_t)	0	static
Drawable.hpp:368:18:virtual void touchgfx::Drawable::setHeight(int16_t)	0	static
Drawable.hpp:378:18:virtual void touchgfx::Drawable::childGeometryChanged()	0	static
Drawable.hpp:389:18:virtual void touchgfx::Drawable::handleClickEvent(const touchgfx::ClickEvent&)	0	static
Drawable.hpp:401:18:virtual void touchgfx::Drawable::handleGestureEvent(const touchgfx::GestureEvent&)	0	static
Drawable.hpp:490:18:virtual void touchgfx::Drawable::handleDragEvent(const touchgfx::DragEvent&)	0	static
Drawable.hpp:501:18:virtual void touchgfx::Drawable::handleTickEvent()	0	static
Drawable.hpp:588:18:virtual void touchgfx::Drawable::moveTo(int16_t, int16_t)	4	static
Drawable.hpp:703:18:virtual void touchgfx::Drawable::setupDrawChain(const touchgfx::Rect&, touchgfx::Drawable**)	0	static
Container.hpp:165:23:virtual touchgfx::Drawable* touchgfx::Container::getFirstChild()	0	static
Screen.hpp:93:18:virtual void touchgfx::Screen::setupScreen()	0	static
Screen.hpp:104:18:virtual void touchgfx::Screen::afterTransition()	0	static
Screen.hpp:115:18:virtual void touchgfx::Screen::tearDownScreen()	0	static
Screen.hpp:144:18:virtual void touchgfx::Screen::handleTickEvent()	0	static
Screen.hpp:154:18:virtual void touchgfx::Screen::handleKeyEvent(uint8_t)	0	static
Widget.hpp:45:18:virtual void touchgfx::Widget::getLastChild(int16_t, int16_t, touchgfx::Drawable**)	0	static
TypedText.hpp:65:13:touchgfx::TypedText::~TypedText()	0	static
AbstractButtonContainer.hpp:114:18:virtual void touchgfx::AbstractButtonContainer::handlePressedUpdated()	0	static
AbstractButtonContainer.hpp:119:18:virtual void touchgfx::AbstractButtonContainer::handleAlphaUpdated()	0	static
AbstractButtonContainer.hpp:34:7:touchgfx::AbstractButtonContainer::~AbstractButtonContainer()	0	static
MorpionViewBase.hpp:34:18:virtual void MorpionViewBase::init()	0	static
MorpionViewBase.hpp:43:18:virtual void MorpionViewBase::restart_button()	0	static
MorpionViewBase.hpp:47:18:virtual void MorpionViewBase::button_0_0()	0	static
MorpionViewBase.hpp:51:18:virtual void MorpionViewBase::button_0_1()	0	static
MorpionViewBase.hpp:55:18:virtual void MorpionViewBase::button_0_2()	0	static
MorpionViewBase.hpp:59:18:virtual void MorpionViewBase::button_1_0()	0	static
MorpionViewBase.hpp:63:18:virtual void MorpionViewBase::button_1_1()	0	static
MorpionViewBase.hpp:67:18:virtual void MorpionViewBase::button_1_2()	0	static
MorpionViewBase.hpp:71:18:virtual void MorpionViewBase::button_2_0()	0	static
MorpionViewBase.hpp:75:18:virtual void MorpionViewBase::button_2_1()	0	static
MorpionViewBase.hpp:79:18:virtual void MorpionViewBase::button_2_2()	0	static
View.hpp:36:7:touchgfx::View<MorpionPresenter>::~View()	0	static
MorpionViewBase.cpp:293:6:virtual void MorpionViewBase::transitionBegins()	0	static
ClickButtonTrigger.hpp:35:7:touchgfx::ClickButtonTrigger::~ClickButtonTrigger()	0	static
BoxWithBorderButtonStyle.hpp:123:18:void touchgfx::BoxWithBorderButtonStyle<T>::handlePressedUpdated() [with T = touchgfx::ClickButtonTrigger]	0	static
Callback.hpp:357:8:touchgfx::Callback<MorpionViewBase, const touchgfx::AbstractButtonContainer&>::~Callback()	0	static
BoxWithBorderButtonStyle.hpp:41:7:touchgfx::BoxWithBorderButtonStyle<touchgfx::ClickButtonTrigger>::~BoxWithBorderButtonStyle()	0	static
Callback.hpp:386:18:void touchgfx::Callback<dest_type, T1, void, void>::execute(T1) [with dest_type = MorpionViewBase; T1 = const touchgfx::AbstractButtonContainer&]	8	static
Callback.hpp:396:18:bool touchgfx::Callback<dest_type, T1, void, void>::isValid() const [with dest_type = MorpionViewBase; T1 = const touchgfx::AbstractButtonContainer&]	0	static
BoxWithBorderButtonStyle.hpp:131:18:void touchgfx::BoxWithBorderButtonStyle<T>::handleAlphaUpdated() [with T = touchgfx::ClickButtonTrigger]	0	static
TypedText.hpp:65:13:virtual touchgfx::TypedText::~TypedText()	8	static
View.hpp:36:7:virtual touchgfx::View<MorpionPresenter>::~View()	8	static
AbstractButtonContainer.hpp:34:7:virtual touchgfx::AbstractButtonContainer::~AbstractButtonContainer()	8	static
ClickButtonTrigger.hpp:35:7:virtual touchgfx::ClickButtonTrigger::~ClickButtonTrigger()	8	static
BoxWithBorderButtonStyle.hpp:41:7:virtual touchgfx::BoxWithBorderButtonStyle<touchgfx::ClickButtonTrigger>::~BoxWithBorderButtonStyle()	8	static
Callback.hpp:357:8:virtual touchgfx::Callback<MorpionViewBase, const touchgfx::AbstractButtonContainer&>::~Callback()	8	static
MorpionViewBase.cpp:188:6:virtual void MorpionViewBase::setupScreen()	8	static
AbstractButtonContainer.hpp:99:18:virtual void touchgfx::AbstractButtonContainer::executeAction()	8	static
ClickButtonTrigger.hpp:47:18:virtual void touchgfx::ClickButtonTrigger::handleClickEvent(const touchgfx::ClickEvent&)	16	static
Drawable.hpp:48:5:touchgfx::Drawable::Drawable()	0	static
Drawable.hpp:343:10:void touchgfx::Drawable::setXY(int16_t, int16_t)	16	static
Drawable.hpp:233:10:void touchgfx::Drawable::setPosition(int16_t, int16_t, int16_t, int16_t)	16	static
Box.hpp:33:5:touchgfx::Box::Box()	8	static
TextArea.hpp:43:5:touchgfx::TextArea::TextArea()	8	static
AbstractButtonContainer.hpp:70:10:void touchgfx::AbstractButtonContainer::setAlpha(uint8_t)	0	static
MorpionViewBase.cpp:206:6:void MorpionViewBase::flexButtonCallbackHandler(const touchgfx::AbstractButtonContainer&)	16	static
Croix.hpp:10:13:Croix::~Croix()	8	static
MorpionViewBase.cpp:183:1:MorpionViewBase::~MorpionViewBase()	16	static
MorpionViewBase.cpp:183:1:virtual MorpionViewBase::~MorpionViewBase()	8	static
Croix.hpp:10:13:virtual Croix::~Croix()	8	static
BoxWithBorderButtonStyle.hpp:44:5:touchgfx::BoxWithBorderButtonStyle<T>::BoxWithBorderButtonStyle() [with T = touchgfx::ClickButtonTrigger]	16	static
BoxWithBorderButtonStyle.hpp:94:10:void touchgfx::BoxWithBorderButtonStyle<T>::setBoxWithBorderColors(touchgfx::colortype, touchgfx::colortype, touchgfx::colortype, touchgfx::colortype) [with T = touchgfx::ClickButtonTrigger]	4	static
MorpionViewBase.cpp:10:1:MorpionViewBase::MorpionViewBase()	184	static
