D:/4A/Projet/Projet_Ecrantactile/Drivers/BSP/STM32H743I-EVAL/stm32h743i_eval_io.c:106:9:BSP_IOEXPANDER_Init	56	static
D:/4A/Projet/Projet_Ecrantactile/Drivers/BSP/STM32H743I-EVAL/stm32h743i_eval_io.c:150:9:BSP_IOEXPANDER_DeInit	16	static
D:/4A/Projet/Projet_Ecrantactile/Drivers/BSP/STM32H743I-EVAL/stm32h743i_eval_io.c:236:9:BSP_IO_DeInit	0	static
D:/4A/Projet/Projet_Ecrantactile/Drivers/BSP/STM32H743I-EVAL/stm32h743i_eval_io.c:264:9:BSP_IO_GetIT	0	static
D:/4A/Projet/Projet_Ecrantactile/Drivers/BSP/STM32H743I-EVAL/stm32h743i_eval_io.c:281:9:BSP_IO_ClearIT	8	static
D:/4A/Projet/Projet_Ecrantactile/Drivers/BSP/STM32H743I-EVAL/stm32h743i_eval_io.c:310:9:BSP_IO_WritePin	8	static
D:/4A/Projet/Projet_Ecrantactile/Drivers/BSP/STM32H743I-EVAL/stm32h743i_eval_io.c:336:9:BSP_IO_ReadPin	0	static
D:/4A/Projet/Projet_Ecrantactile/Drivers/BSP/STM32H743I-EVAL/stm32h743i_eval_io.c:354:9:BSP_IO_TogglePin	16	static
D:/4A/Projet/Projet_Ecrantactile/Drivers/BSP/STM32H743I-EVAL/stm32h743i_eval_io.c:397:6:BSP_IOEXPANDER_ITConfig	40	static
D:/4A/Projet/Projet_Ecrantactile/Drivers/BSP/STM32H743I-EVAL/stm32h743i_eval_io.c:186:9:BSP_IO_Init	16	static
D:/4A/Projet/Projet_Ecrantactile/Drivers/BSP/STM32H743I-EVAL/stm32h743i_eval_io.c:428:6:BSP_IO_IRQHandler	0	static
D:/4A/Projet/Projet_Ecrantactile/Drivers/BSP/STM32H743I-EVAL/stm32h743i_eval_io.c:441:13:BSP_IO_Callback	0	static
D:/4A/Projet/Projet_Ecrantactile/Drivers/BSP/STM32H743I-EVAL/stm32h743i_eval_io.c:509:13:IO_EXTI_Callback	8	static
