Screen.hpp:104:18:virtual void touchgfx::Screen::afterTransition()	0	static
Screen.hpp:144:18:virtual void touchgfx::Screen::handleTickEvent()	0	static
Screen.hpp:154:18:virtual void touchgfx::Screen::handleKeyEvent(uint8_t)	0	static
Morpion_2View.cpp:28:6:virtual void Morpion_2View::tearDownScreen()	0	static
Morpion_2View.cpp:57:6:virtual void Morpion_2View::PlayMove(touchgfx::Drawable&)	24	static
Morpion_2View.cpp:73:6:virtual void Morpion_2View::button_0_0()	0	static
Morpion_2View.cpp:78:6:virtual void Morpion_2View::button_0_1()	0	static
Morpion_2View.cpp:83:6:virtual void Morpion_2View::button_0_2()	0	static
Morpion_2View.cpp:88:6:virtual void Morpion_2View::button_1_0()	0	static
Morpion_2View.cpp:93:6:virtual void Morpion_2View::button_1_1()	0	static
Morpion_2View.cpp:98:6:virtual void Morpion_2View::button_1_2()	0	static
Morpion_2View.cpp:103:6:virtual void Morpion_2View::button_2_0()	0	static
Morpion_2View.cpp:108:6:virtual void Morpion_2View::button_2_1()	0	static
Morpion_2View.cpp:113:6:virtual void Morpion_2View::button_2_2()	0	static
Morpion_2View.hpp:11:13:Morpion_2View::~Morpion_2View()	8	static
Morpion_2View.hpp:11:13:virtual Morpion_2View::~Morpion_2View()	8	static
Drawable.hpp:588:18:virtual void touchgfx::Drawable::moveTo(int16_t, int16_t)	4	static
Morpion_2View.cpp:34:6:virtual void Morpion_2View::restart_button()	8	static
Morpion_2View.cpp:9:1:Morpion_2View::Morpion_2View()	8	static
Morpion_2View.cpp:23:6:virtual void Morpion_2View::setupScreen()	0	static
