Screen.hpp:104:18:virtual void touchgfx::Screen::afterTransition()	0	static
Screen.hpp:144:18:virtual void touchgfx::Screen::handleTickEvent()	0	static
Screen.hpp:154:18:virtual void touchgfx::Screen::handleKeyEvent(uint8_t)	0	static
MorpionView.cpp:32:6:virtual void MorpionView::tearDownScreen()	0	static
MorpionView.cpp:98:5:virtual int MorpionView::verifier_victoire()	12	static
MorpionView.hpp:11:13:MorpionView::~MorpionView()	8	static
MorpionView.hpp:11:13:virtual MorpionView::~MorpionView()	8	static
Drawable.hpp:588:18:virtual void touchgfx::Drawable::moveTo(int16_t, int16_t)	4	static
MorpionView.cpp:13:1:MorpionView::MorpionView()	8	static
MorpionView.cpp:43:6:void MorpionView::win_button()	0	static
MorpionView.cpp:27:6:virtual void MorpionView::setupScreen()	0	static
MorpionView.cpp:56:6:void MorpionView::PlayMove(touchgfx::Drawable&)	32	static
MorpionView.cpp:125:6:virtual void MorpionView::button_0_0()	0	static
MorpionView.cpp:130:6:virtual void MorpionView::button_0_1()	0	static
MorpionView.cpp:135:6:virtual void MorpionView::button_0_2()	0	static
MorpionView.cpp:140:6:virtual void MorpionView::button_1_0()	0	static
MorpionView.cpp:145:6:virtual void MorpionView::button_1_1()	0	static
MorpionView.cpp:150:6:virtual void MorpionView::button_1_2()	0	static
MorpionView.cpp:155:6:virtual void MorpionView::button_2_0()	0	static
MorpionView.cpp:160:6:virtual void MorpionView::button_2_1()	0	static
MorpionView.cpp:165:6:virtual void MorpionView::button_2_2()	0	static
MorpionView.cpp:175:6:void MorpionView::initialisation()	16	static
MorpionView.cpp:38:6:virtual void MorpionView::restart_button()	0	static
