D:/4A/Projet/Projet_Ecrantactile/Core/Src/stm32h7xx_hal_msp.c:65:6:HAL_MspInit	8	static
D:/4A/Projet/Projet_Ecrantactile/Core/Src/stm32h7xx_hal_msp.c:88:6:HAL_CRC_MspInit	8	static
D:/4A/Projet/Projet_Ecrantactile/Core/Src/stm32h7xx_hal_msp.c:110:6:HAL_CRC_MspDeInit	0	static
D:/4A/Projet/Projet_Ecrantactile/Core/Src/stm32h7xx_hal_msp.c:132:6:HAL_DMA2D_MspInit	16	static
D:/4A/Projet/Projet_Ecrantactile/Core/Src/stm32h7xx_hal_msp.c:157:6:HAL_DMA2D_MspDeInit	0	static
D:/4A/Projet/Projet_Ecrantactile/Core/Src/stm32h7xx_hal_msp.c:182:6:HAL_LTDC_MspInit	256	static
D:/4A/Projet/Projet_Ecrantactile/Core/Src/stm32h7xx_hal_msp.c:286:6:HAL_LTDC_MspDeInit	8	static
D:/4A/Projet/Projet_Ecrantactile/Core/Src/stm32h7xx_hal_msp.c:344:6:HAL_QSPI_MspInit	264	static
D:/4A/Projet/Projet_Ecrantactile/Core/Src/stm32h7xx_hal_msp.c:446:6:HAL_QSPI_MspDeInit	8	static
D:/4A/Projet/Projet_Ecrantactile/Core/Src/stm32h7xx_hal_msp.c:636:6:HAL_SDRAM_MspInit	240	static
D:/4A/Projet/Projet_Ecrantactile/Core/Src/stm32h7xx_hal_msp.c:744:6:HAL_SDRAM_MspDeInit	8	static
