../../Middlewares/ST/touchgfx/framework/include/touchgfx/Screen.hpp:104:18:virtual void touchgfx::Screen::afterTransition()	0	static
../../Middlewares/ST/touchgfx/framework/include/touchgfx/Screen.hpp:144:18:virtual void touchgfx::Screen::handleTickEvent()	0	static
../../Middlewares/ST/touchgfx/framework/include/touchgfx/Screen.hpp:154:18:virtual void touchgfx::Screen::handleKeyEvent(uint8_t)	0	static
../../TouchGFX/generated/gui_generated/include/gui_generated/morpion_2_screen/Morpion_2ViewBase.hpp:32:18:virtual void Morpion_2ViewBase::quit_button()	0	static
C:/TouchGFXProjects/Morpion/TouchGFX/gui/src/morpion_2_screen/Morpion_2View.cpp:27:6:virtual void Morpion_2View::tearDownScreen()	0	static
C:/TouchGFXProjects/Morpion/TouchGFX/gui/src/morpion_2_screen/Morpion_2View.cpp:56:6:virtual void Morpion_2View::PlayMove(int, int)	16	static
../../TouchGFX/gui/include/gui/morpion_2_screen/Morpion_2View.hpp:11:13:Morpion_2View::~Morpion_2View()	8	static
../../TouchGFX/gui/include/gui/morpion_2_screen/Morpion_2View.hpp:11:13:virtual Morpion_2View::~Morpion_2View()	8	static
../../Middlewares/ST/touchgfx/framework/include/touchgfx/Drawable.hpp:588:18:virtual void touchgfx::Drawable::moveTo(int16_t, int16_t)	4	static
C:/TouchGFXProjects/Morpion/TouchGFX/gui/src/morpion_2_screen/Morpion_2View.cpp:33:6:virtual void Morpion_2View::restart_button()	8	static
C:/TouchGFXProjects/Morpion/TouchGFX/gui/src/morpion_2_screen/Morpion_2View.cpp:66:6:virtual void Morpion_2View::button_0_0()	8	static
C:/TouchGFXProjects/Morpion/TouchGFX/gui/src/morpion_2_screen/Morpion_2View.cpp:72:6:virtual void Morpion_2View::button_0_1()	8	static
C:/TouchGFXProjects/Morpion/TouchGFX/gui/src/morpion_2_screen/Morpion_2View.cpp:78:6:virtual void Morpion_2View::button_0_2()	8	static
C:/TouchGFXProjects/Morpion/TouchGFX/gui/src/morpion_2_screen/Morpion_2View.cpp:84:6:virtual void Morpion_2View::button_1_0()	8	static
C:/TouchGFXProjects/Morpion/TouchGFX/gui/src/morpion_2_screen/Morpion_2View.cpp:90:6:virtual void Morpion_2View::button_1_1()	8	static
C:/TouchGFXProjects/Morpion/TouchGFX/gui/src/morpion_2_screen/Morpion_2View.cpp:96:6:virtual void Morpion_2View::button_1_2()	8	static
C:/TouchGFXProjects/Morpion/TouchGFX/gui/src/morpion_2_screen/Morpion_2View.cpp:102:6:virtual void Morpion_2View::button_2_0()	8	static
C:/TouchGFXProjects/Morpion/TouchGFX/gui/src/morpion_2_screen/Morpion_2View.cpp:108:6:virtual void Morpion_2View::button_2_1()	8	static
C:/TouchGFXProjects/Morpion/TouchGFX/gui/src/morpion_2_screen/Morpion_2View.cpp:114:6:virtual void Morpion_2View::button_2_2()	8	static
C:/TouchGFXProjects/Morpion/TouchGFX/gui/src/morpion_2_screen/Morpion_2View.cpp:8:1:Morpion_2View::Morpion_2View()	8	static
C:/TouchGFXProjects/Morpion/TouchGFX/gui/src/morpion_2_screen/Morpion_2View.cpp:22:6:virtual void Morpion_2View::setupScreen()	0	static
