../../Middlewares/ST/touchgfx/framework/include/touchgfx/Screen.hpp:104:18:virtual void touchgfx::Screen::afterTransition()	0	static
../../Middlewares/ST/touchgfx/framework/include/touchgfx/Screen.hpp:144:18:virtual void touchgfx::Screen::handleTickEvent()	0	static
../../Middlewares/ST/touchgfx/framework/include/touchgfx/Screen.hpp:154:18:virtual void touchgfx::Screen::handleKeyEvent(uint8_t)	0	static
D:/4A/Projet/Projet_Ecrantactile/TouchGFX/gui/src/morpion_2_screen/Morpion_2View.cpp:27:6:virtual void Morpion_2View::tearDownScreen()	0	static
D:/4A/Projet/Projet_Ecrantactile/TouchGFX/gui/src/morpion_2_screen/Morpion_2View.cpp:56:6:virtual void Morpion_2View::PlayMove(touchgfx::Drawable&)	16	static
D:/4A/Projet/Projet_Ecrantactile/TouchGFX/gui/src/morpion_2_screen/Morpion_2View.cpp:68:6:virtual void Morpion_2View::button_0_0()	0	static
D:/4A/Projet/Projet_Ecrantactile/TouchGFX/gui/src/morpion_2_screen/Morpion_2View.cpp:73:6:virtual void Morpion_2View::button_0_1()	0	static
D:/4A/Projet/Projet_Ecrantactile/TouchGFX/gui/src/morpion_2_screen/Morpion_2View.cpp:78:6:virtual void Morpion_2View::button_0_2()	0	static
D:/4A/Projet/Projet_Ecrantactile/TouchGFX/gui/src/morpion_2_screen/Morpion_2View.cpp:83:6:virtual void Morpion_2View::button_1_0()	0	static
D:/4A/Projet/Projet_Ecrantactile/TouchGFX/gui/src/morpion_2_screen/Morpion_2View.cpp:88:6:virtual void Morpion_2View::button_1_1()	0	static
D:/4A/Projet/Projet_Ecrantactile/TouchGFX/gui/src/morpion_2_screen/Morpion_2View.cpp:93:6:virtual void Morpion_2View::button_1_2()	0	static
D:/4A/Projet/Projet_Ecrantactile/TouchGFX/gui/src/morpion_2_screen/Morpion_2View.cpp:98:6:virtual void Morpion_2View::button_2_0()	0	static
D:/4A/Projet/Projet_Ecrantactile/TouchGFX/gui/src/morpion_2_screen/Morpion_2View.cpp:103:6:virtual void Morpion_2View::button_2_1()	0	static
D:/4A/Projet/Projet_Ecrantactile/TouchGFX/gui/src/morpion_2_screen/Morpion_2View.cpp:108:6:virtual void Morpion_2View::button_2_2()	0	static
../../TouchGFX/gui/include/gui/morpion_2_screen/Morpion_2View.hpp:11:13:Morpion_2View::~Morpion_2View()	8	static
../../TouchGFX/gui/include/gui/morpion_2_screen/Morpion_2View.hpp:11:13:virtual Morpion_2View::~Morpion_2View()	8	static
../../Middlewares/ST/touchgfx/framework/include/touchgfx/Drawable.hpp:588:18:virtual void touchgfx::Drawable::moveTo(int16_t, int16_t)	4	static
D:/4A/Projet/Projet_Ecrantactile/TouchGFX/gui/src/morpion_2_screen/Morpion_2View.cpp:33:6:virtual void Morpion_2View::restart_button()	8	static
D:/4A/Projet/Projet_Ecrantactile/TouchGFX/gui/src/morpion_2_screen/Morpion_2View.cpp:8:1:Morpion_2View::Morpion_2View()	8	static
D:/4A/Projet/Projet_Ecrantactile/TouchGFX/gui/src/morpion_2_screen/Morpion_2View.cpp:22:6:virtual void Morpion_2View::setupScreen()	0	static
